2021-01-18 10:45:34,841:INFO: Hello World is printed to the console. This is a log information 
2021-01-18 10:46:23,197:INFO: Hello World is printed to the console. This is a log information 
2021-01-19 16:02:34,644:INFO: Hello World is printed to the console. This is a log information 
2021-01-19 16:13:55,346:INFO: Hello World is printed to the console. This is a log information 
2021-01-19 16:27:55,103:INFO: Hello World is printed to the console. This is a log information 
2021-01-19 16:34:30,689:INFO: Hello World is printed to the console. This is a log information 
2021-01-19 16:42:13,605:INFO: Hello World is printed to the console. This is a log information 
2021-01-19 16:59:31,012:INFO: Hello World is printed to the console. This is a log information 
2021-01-19 17:16:38,733:INFO: Hello World is printed to the console. This is a log information 
2021-01-19 17:16:53,547:INFO: Hello World is printed to the console. This is a log information 
2021-01-19 17:32:50,317:INFO: Hello World is printed to the console. This is a log information 
2021-01-20 09:22:23,862:INFO: Hello World is printed to the console. This is a log information 
2021-01-20 09:42:54,364:INFO: Hello World is printed to the console. This is a log information 
2021-01-20 09:56:34,667:INFO: Hello World is printed to the console. This is a log information 
2021-01-20 09:58:28,827:INFO: Hello World is printed to the console. This is a log information 
